// Jest Snapshot v1, https://goo.gl/fbAQLP

exports[`<TodoList /> tests it should show succesfully 1`] = `
<ul
  className="list-group list-group-flush"
>
  <TodoListItem
    handleDelete={[MockFunction]}
    handleToggle={[MockFunction]}
    index={1}
    key="1"
    todo={
      Object {
        "desc": "learn react",
        "done": false,
        "id": 1,
      }
    }
  />
  <TodoListItem
    handleDelete={[MockFunction]}
    handleToggle={[MockFunction]}
    index={2}
    key="2"
    todo={
      Object {
        "desc": "learn mongodb",
        "done": false,
        "id": 2,
      }
    }
  />
</ul>
`;
