// Jest Snapshot v1, https://goo.gl/fbAQLP

exports[`<TodoAdd/> tests it show successfully 1`] = `[MockFunction]`;
