// Jest Snapshot v1, https://goo.gl/fbAQLP

exports[`<RealExampleRef /> tests it should show successfully 1`] = `
<div>
  <h1>
    RealExampleRef
  </h1>
  <hr />
  <button
    className="btn btn-primary mt-5"
    onClick={[Function]}
  >
    Show
  </button>
</div>
`;
