// Jest Snapshot v1, https://goo.gl/fbAQLP

exports[`<HomeScreen/> tests it should show successfully 1`] = `<HomeScreen />`;
